pop_index               05-May-97 20:57:05  Hunk Section                Page 1-1

 num hunk         size filename         punit    type         base  alv     size
   0 text          b54 lib:start.o      start.c  code            0    0      178
                       main.o           main.c   code          178    0      578
                       lib:amiga.lib    <noname> code          6f0    0       1c
                       lib:amiga.lib    <noname> code          70c    0       1c
                       lib:amiga.lib    <noname> code          728    0       14
                       lib:amiga.lib    <noname> code          73c    0       1c
                       lib:amiga.lib    <noname> code          758    0       1c
                       lib:amiga.lib    <noname> code          774    0       20
                       lib:amiga.lib    <noname> code          794    0       1c
                       lib:amiga.lib    <noname> code          7b0    0       1c
                       lib:amiga.lib    <noname> code          7cc    0       1c
                       lib:amiga.lib    <noname> code          7e8    0       20
                       lib:amiga.lib    <noname> code          808    0       1c
                       lib:amiga.lib    <noname> code          824    0       14
                       lib:amiga.lib    <noname> code          838    0       1c
                       lib:amiga.lib    <noname> code          854    0       18
                       lib:amiga.lib    <noname> code          86c    0       14
                       lib:amiga.lib    <noname> code          880    0       10
                       lib:amiga.lib    <noname> code          890    0       14
                       lib:amiga.lib    <noname> code          8a4    0       14
                       lib:amiga.lib    <noname> code          8b8    0       18
                       lib:amiga.lib    <noname> code          8d0    0       14
                       lib:amiga.lib    <noname> code          8e4    0       14
                       lib:amiga.lib    <noname> code          8f8    0       20
                       lib:sc.lib       _constru code          918    0       34
                       lib:sc.lib       stricmp  code          94c    0       3c
                       lib:sc.lib       strchr   code          988    0       18
                       lib:sc.lib       autoopen code          9a0    0      148
                       lib:sc.lib       syslib.c code          ae8    0        c
                       lib:sc.lib       intuitli code          af4    0       60
   1 __MERGED       88 lib:start.o      start.c  data            0    0       3c
                       T:Z4GR3.0000     _ctdt.o  data           3c    0       18
                       lib:sc.lib       _constru data           54    0        4
                       lib:sc.lib       _stdwin. data           58    0       14
                       main.o           main.c   bss            6c    0        4
                       lib:sc.lib       wbmsg.c  bss            70    0        4
                       lib:sc.lib       _constru bss            74    0        4
                       lib:sc.lib       oslibver bss            78    0        4
                       lib:sc.lib       syslib.c bss            7c    0        4
                       lib:sc.lib       intuitli bss            80    0        8
